[INFO] Scanning for projects...
[INFO] 
[INFO] ------------------< com.smarthire:smart-hire-backend >------------------
[INFO] Building smart-hire-backend 0.0.1-SNAPSHOT
[INFO]   from pom.xml
[INFO] --------------------------------[ jar ]---------------------------------
[INFO] 
[INFO] --- clean:3.5.0:clean (default-clean) @ smart-hire-backend ---
[INFO] Deleting C:\Users\ADMIN\Desktop\Fork\smart-hire-backend\target
[INFO] 
[INFO] --- resources:3.3.1:resources (default-resources) @ smart-hire-backend ---
[INFO] Copying 1 resource from src\main\resources to target\classes
[INFO] Copying 3 resources from src\main\resources to target\classes
[INFO] 
[INFO] --- compiler:3.14.1:compile (default-compile) @ smart-hire-backend ---
[INFO] Recompiling the module because of changed source code.
[INFO] Compiling 255 source files with javac [debug parameters release 17] to target\classes
.\mvnw.cmd : WARNING: A 
terminally deprecated method in 
sun.misc.Unsafe has been called
At line:1 char:1
+ .\mvnw.cmd clean compile 2>&1 
| Out-File -FilePath 
compile_output.txt ...
+ ~~~~~~~~~~~~~~~~~~~~~~~~~~~~~
    + CategoryInfo          : 
NotSpe    cified: (WARNING: A 
term...has b    een 
called:String) [], RemoteExc    
eption
    + FullyQualifiedErrorId : 
Native    CommandError
 
WARNING: sun.misc.Unsafe::objectF
ieldOffset has been called by 
lombok.permit.Permit
WARNING: Please consider 
reporting this to the 
maintainers of class 
lombok.permit.Permit
WARNING: sun.misc.Unsafe::objectF
ieldOffset will be removed in a 
future release
[WARNING] /C:/Users/ADMIN/Desktop/Fork/smart-hire-backend/src/main/java/com/smarthire/backend/features/interview/company/entity/Company.java:[72,26] @Builder will ignore the initializing expression entirely. If you want the initializing expression to serve as default, add @Builder.Default. If it is not supposed to be settable during building, make the field final.
[WARNING] /C:/Users/ADMIN/Desktop/Fork/smart-hire-backend/src/main/java/com/smarthire/backend/features/interview/company/entity/Company.java:[76,34] @Builder will ignore the initializing expression entirely. If you want the initializing expression to serve as default, add @Builder.Default. If it is not supposed to be settable during building, make the field final.
[WARNING] /C:/Users/ADMIN/Desktop/Fork/smart-hire-backend/src/main/java/com/smarthire/backend/features/interview/company/entity/Company.java:[80,37] @Builder will ignore the initializing expression entirely. If you want the initializing expression to serve as default, add @Builder.Default. If it is not supposed to be settable during building, make the field final.
[WARNING] /C:/Users/ADMIN/Desktop/Fork/smart-hire-backend/src/main/java/com/smarthire/backend/core/config/EnvConfig.java:[18,35] org.springframework.boot.env.EnvironmentPostProcessor in org.springframework.boot.env has been deprecated and marked for removal
[WARNING] /C:/Users/ADMIN/Desktop/Fork/smart-hire-backend/src/main/java/com/smarthire/backend/core/config/EnvConfig.java:[18,35] org.springframework.boot.env.EnvironmentPostProcessor in org.springframework.boot.env has been deprecated and marked for removal
[WARNING] /C:/Users/ADMIN/Desktop/Fork/smart-hire-backend/src/main/java/com/smarthire/backend/core/config/EnvConfig.java:[18,35] org.springframework.boot.env.EnvironmentPostProcessor in org.springframework.boot.env has been deprecated and marked for removal
[WARNING] /C:/Users/ADMIN/Desktop/Fork/smart-hire-backend/src/main/java/com/smarthire/backend/core/config/EnvConfig.java:[18,35] org.springframework.boot.env.EnvironmentPostProcessor in org.springframework.boot.env has been deprecated and marked for removal
[WARNING] /C:/Users/ADMIN/Desktop/Fork/smart-hire-backend/src/main/java/com/smarthire/backend/core/config/EnvConfig.java:[18,35] org.springframework.boot.env.EnvironmentPostProcessor in org.springframework.boot.env has been deprecated and marked for removal
[INFO] /C:/Users/ADMIN/Desktop/Fork/smart-hire-backend/src/main/java/com/smarthire/backend/core/exception/GlobalExceptionHandler.java: C:\Users\ADMIN\Desktop\Fork\smart-hire-backend\src\main\java\com\smarthire\backend\core\exception\GlobalExceptionHandler.java uses or overrides a deprecated API.
[INFO] /C:/Users/ADMIN/Desktop/Fork/smart-hire-backend/src/main/java/com/smarthire/backend/core/exception/GlobalExceptionHandler.java: Recompile with -Xlint:deprecation for details.
[INFO] ------------------------------------------------------------------------
[INFO] BUILD SUCCESS
[INFO] ------------------------------------------------------------------------
[INFO] Total time:  12.610 s
[INFO] Finished at: 2026-04-03T23:50:32+07:00
[INFO] ------------------------------------------------------------------------
